[debug] [2026-08-07T08:47:30.789Z] ----------------------------------------------------------------------
[debug] [2026-08-07T08:47:30.792Z] Command:       C:\Program Files\nodejs\node.exe C:\Users\latch\AppData\Roaming\npm\node_modules\firebase-tools\lib\bin\firebase.js init
[debug] [2026-08-07T08:47:30.792Z] CLI Version:   15.26.0
[debug] [2026-08-07T08:47:30.792Z] Platform:      win32
[debug] [2026-08-07T08:47:30.792Z] Node Version:  v24.14.0
[debug] [2026-08-07T08:47:30.792Z] Detected Agent: unknown
[debug] [2026-08-07T08:47:30.793Z] Time:          Fri Aug 07 2026 16:47:30 GMT+0800 (Philippine Standard Time)
[debug] [2026-08-07T08:47:30.793Z] ----------------------------------------------------------------------
[debug] 
[info] 
     ######## #### ########  ######## ########     ###     ######  ########
     ##        ##  ##     ## ##       ##     ##  ##   ##  ##       ##
     ######    ##  ########  ######   ########  #########  ######  ######
     ##        ##  ##    ##  ##       ##     ## ##     ##       ## ##
     ##       #### ##     ## ######## ########  ##     ##  ######  ########

You're about to initialize a Firebase project in this directory:

  C:\Users\latch\Desktop\SourceCodes\Practice\projects\KuyaPahipak-main

[info] 
=== Project Setup
[info] 
[info] First, let's associate this project directory with a Firebase project.
[info] You can create multiple project aliases by running firebase use --add, 
[info] 
[debug] [2026-08-07T08:47:41.161Z] > command requires scopes: ["email","openid","https://www.googleapis.com/auth/cloudplatformprojects.readonly","https://www.googleapis.com/auth/firebase","https://www.googleapis.com/auth/cloud-platform"]
[debug] [2026-08-07T08:47:41.162Z] > authorizing via signed-in user (latchcrisford213@gmail.com)
[debug] [2026-08-07T08:47:41.176Z] Checked if tokens are valid: true, expires at: 1786095686400
[debug] [2026-08-07T08:47:41.176Z] Checked if tokens are valid: true, expires at: 1786095686400
[debug] [2026-08-07T08:47:41.177Z] >>> [apiv2][query] GET https://firebase.googleapis.com/v1beta1/projects/pettaxi-5d5df [none]
[debug] [2026-08-07T08:47:41.634Z] <<< [apiv2][status] GET https://firebase.googleapis.com/v1beta1/projects/pettaxi-5d5df 200
[debug] [2026-08-07T08:47:41.635Z] <<< [apiv2][body] GET https://firebase.googleapis.com/v1beta1/projects/pettaxi-5d5df {"projectId":"pettaxi-5d5df","projectNumber":"144512803228","displayName":"PetTaxi","name":"projects/pettaxi-5d5df","resources":{"hostingSite":"pettaxi-5d5df","realtimeDatabaseInstance":"pettaxi-5d5df-default-rtdb"},"state":"ACTIVE","labels":{"firebase":"enabled"},"etag":"1_d2da72d5-7290-4e1c-b411-82fb9e3aed7a"}
[info] i  Using project pettaxi-5d5df (PetTaxi) . 
[info] 
=== Dataconnect Setup
[info] i  dataconnect: ensuring required API firebasedataconnect.googleapis.com is enabled... 
[info] i  dataconnect: ensuring required API sqladmin.googleapis.com is enabled... 
[debug] [2026-08-07T08:47:41.644Z] Checked if tokens are valid: true, expires at: 1786095686400
[debug] [2026-08-07T08:47:41.644Z] Checked if tokens are valid: true, expires at: 1786095686400
[debug] [2026-08-07T08:47:41.644Z] >>> [apiv2][query] GET https://firebasedataconnect.googleapis.com/v1/projects/pettaxi-5d5df/locations/-/services [none]
[debug] [2026-08-07T08:47:43.082Z] <<< [apiv2][status] GET https://firebasedataconnect.googleapis.com/v1/projects/pettaxi-5d5df/locations/-/services 200
[debug] [2026-08-07T08:47:43.082Z] <<< [apiv2][body] GET https://firebasedataconnect.googleapis.com/v1/projects/pettaxi-5d5df/locations/-/services {"services":[{"name":"projects/pettaxi-5d5df/locations/asia-southeast1/services/kuyapahipak-main","createTime":"2026-08-07T08:43:56.644522086Z","updateTime":"2026-08-07T08:45:11.747868870Z","uid":"7ed89065-2c27-464d-8921-cf18d6a97749","reconciling":false,"etag":"eOJclX7fvnSIKCfnEythJcis1rI1JqSg8be3C0YG45M"}]}
[debug] [2026-08-07T08:48:15.823Z] Checked if tokens are valid: true, expires at: 1786095686400
[debug] [2026-08-07T08:48:15.823Z] Checked if tokens are valid: true, expires at: 1786095686400
[debug] [2026-08-07T08:48:15.823Z] >>> [apiv2][query] GET https://firebasedataconnect.googleapis.com/v1/projects/pettaxi-5d5df/locations/asia-southeast1/services/kuyapahipak-main/schemas pageSize=100&pageToken=&fields=schemas.name%2Cschemas.datasources%2Cschemas.source
[debug] [2026-08-07T08:48:16.506Z] <<< [apiv2][status] GET https://firebasedataconnect.googleapis.com/v1/projects/pettaxi-5d5df/locations/asia-southeast1/services/kuyapahipak-main/schemas 200
[debug] [2026-08-07T08:48:16.506Z] <<< [apiv2][body] GET https://firebasedataconnect.googleapis.com/v1/projects/pettaxi-5d5df/locations/asia-southeast1/services/kuyapahipak-main/schemas {"schemas":[{"name":"projects/pettaxi-5d5df/locations/asia-southeast1/services/kuyapahipak-main/schemas/main","source":{"files":[{"path":"schema.gql","content":"type Product @table {\n  name: String!\n  category: String!\n  brand: String!\n  description: String\n  imageUrl: String\n  isArchived: Boolean\n}\n\ntype ProductVariant @table {\n  product: Product!\n  flavor: String!\n  nicotineStrength: String!\n  sku: String!\n  currentStock: Int!\n  reorderThreshold: Int!\n  costPrice: Float\n  retailPrice: Float\n  supplier: Supplier\n}\n\ntype Supplier @table {\n  name: String!\n  contactEmail: String!\n  phoneNumber: String\n  website: String\n}\n\ntype InventoryTransaction @table {\n  variant: ProductVariant!\n  quantityChanged: Int!\n  transactionType: String!\n  timestamp: Timestamp\n  notes: String\n}\n\ntype PurchaseOrder @table {\n  supplier: Supplier!\n  status: String!\n  expectedDeliveryDate: Date\n  totalCost: Float\n}"}]},"datasources":[{"postgresql":{"ephemeral":true}}]}]}
[debug] [2026-08-07T08:48:16.507Z] Checked if tokens are valid: true, expires at: 1786095686400
[debug] [2026-08-07T08:48:16.507Z] Checked if tokens are valid: true, expires at: 1786095686400
[debug] [2026-08-07T08:48:16.507Z] >>> [apiv2][query] GET https://firebasedataconnect.googleapis.com/v1/projects/pettaxi-5d5df/locations/asia-southeast1/services/kuyapahipak-main/connectors pageSize=100&pageToken=&fields=connectors.name%2Cconnectors.source.files
[debug] [2026-08-07T08:48:16.696Z] <<< [apiv2][status] GET https://firebasedataconnect.googleapis.com/v1/projects/pettaxi-5d5df/locations/asia-southeast1/services/kuyapahipak-main/connectors 200
[debug] [2026-08-07T08:48:16.696Z] <<< [apiv2][body] GET https://firebasedataconnect.googleapis.com/v1/projects/pettaxi-5d5df/locations/asia-southeast1/services/kuyapahipak-main/connectors {}
[debug] [2026-08-07T08:48:16.697Z] Checked if tokens are valid: true, expires at: 1786095686400
[debug] [2026-08-07T08:48:16.697Z] Checked if tokens are valid: true, expires at: 1786095686400
[debug] [2026-08-07T08:48:16.698Z] >>> [apiv2][query] GET https://cloudbilling.googleapis.com/v1/projects/pettaxi-5d5df/billingInfo [none]
[debug] [2026-08-07T08:48:16.698Z] >>> [apiv2][(partial)header] GET https://cloudbilling.googleapis.com/v1/projects/pettaxi-5d5df/billingInfo  x-goog-user-project=pettaxi-5d5df
[debug] [2026-08-07T08:48:17.021Z] <<< [apiv2][status] GET https://cloudbilling.googleapis.com/v1/projects/pettaxi-5d5df/billingInfo 200
[debug] [2026-08-07T08:48:17.021Z] <<< [apiv2][body] GET https://cloudbilling.googleapis.com/v1/projects/pettaxi-5d5df/billingInfo {"name":"projects/pettaxi-5d5df/billingInfo","projectId":"pettaxi-5d5df","billingAccountName":"","billingEnabled":false}
[debug] [2026-08-07T08:48:17.021Z] Checked if tokens are valid: true, expires at: 1786095686400
[debug] [2026-08-07T08:48:17.021Z] Checked if tokens are valid: true, expires at: 1786095686400
[debug] [2026-08-07T08:48:17.021Z] >>> [apiv2][query] GET https://monitoring.googleapis.com/v3/projects/pettaxi-5d5df/timeSeries/ filter=metric.type%3D%22serviceruntime.googleapis.com%2Fquota%2Fallocation%2Fusage%22+AND+metric.label.quota_metric+%3D+%22sqladmin.googleapis.com%2Ffdc_lifetime_free_trial_per_project%22&interval.endTime=2026-08-07T08%3A48%3A17.021Z&interval.startTime=2026-07-31T08%3A48%3A17.021Z
[debug] [2026-08-07T08:48:17.995Z] <<< [apiv2][status] GET https://monitoring.googleapis.com/v3/projects/pettaxi-5d5df/timeSeries/ 200
[debug] [2026-08-07T08:48:17.995Z] <<< [apiv2][body] GET https://monitoring.googleapis.com/v3/projects/pettaxi-5d5df/timeSeries/ {"unit":"1"}
[info] +  dataconnect: CloudSQL no cost trial available! 
[debug] [2026-08-07T08:48:17.996Z] Checked if tokens are valid: true, expires at: 1786095686400
[debug] [2026-08-07T08:48:17.996Z] Checked if tokens are valid: true, expires at: 1786095686400
[debug] [2026-08-07T08:48:17.996Z] >>> [apiv2][query] GET https://sqladmin.googleapis.com/v1/projects/pettaxi-5d5df/instances [none]
[debug] [2026-08-07T08:48:18.725Z] <<< [apiv2][status] GET https://sqladmin.googleapis.com/v1/projects/pettaxi-5d5df/instances 200
[debug] [2026-08-07T08:48:18.725Z] <<< [apiv2][body] GET https://sqladmin.googleapis.com/v1/projects/pettaxi-5d5df/instances {}
[info] +  dataconnect: Detected existing apps . (web), KuyaPahipak-main (web) 
[info] i  dataconnect\dataconnect.yaml is unchanged 
[info] i  dataconnect\schema\schema.gql is unchanged 
[info] +  Wrote dataconnect\example\connector.yaml 
[info] +  Wrote dataconnect\example\connector.yaml 
[info] i  dataconnect: Installing the generated SDKs ... 
[debug] [2026-08-07T08:48:27.066Z] defaultcredentials: writing to file C:\Users\latch\AppData\Roaming\firebase\latchcrisford213_gmail_com_application_default_credentials.json
[info] +  dataconnect: Installed generated SDKs for . (web), KuyaPahipak-main (web) 
[info] i  Visit https://firebase.google.com/docs/data-connect/web-sdk#react for more information on how to set up React Generated SDKs for Firebase SQL Connect 
[info] 
=== Firestore Setup
[info] i  firestore: ensuring required API firestore.googleapis.com is enabled... 
[debug] [2026-08-07T08:48:28.251Z] Checked if tokens are valid: true, expires at: 1786095686400
[debug] [2026-08-07T08:48:28.251Z] Checked if tokens are valid: true, expires at: 1786095686400
[debug] [2026-08-07T08:48:28.251Z] >>> [apiv2][query] GET https://firestore.googleapis.com/v1/projects/pettaxi-5d5df/databases [none]
[debug] [2026-08-07T08:48:28.926Z] <<< [apiv2][status] GET https://firestore.googleapis.com/v1/projects/pettaxi-5d5df/databases 200
[debug] [2026-08-07T08:48:28.926Z] <<< [apiv2][body] GET https://firestore.googleapis.com/v1/projects/pettaxi-5d5df/databases {"databases":[{"name":"projects/pettaxi-5d5df/databases/(default)","uid":"9d241e88-9011-4230-85c6-937f058e84b2","createTime":"2026-05-18T12:09:52.989440Z","updateTime":"2026-05-18T12:09:52.989440Z","locationId":"nam5","type":"FIRESTORE_NATIVE","concurrencyMode":"PESSIMISTIC","versionRetentionPeriod":"3600s","earliestVersionTime":"2026-08-07T07:48:30.173111Z","appEngineIntegrationMode":"DISABLED","keyPrefix":"s","pointInTimeRecoveryEnablement":"POINT_IN_TIME_RECOVERY_DISABLED","deleteProtectionState":"DELETE_PROTECTION_DISABLED","databaseEdition":"STANDARD","freeTier":true,"realtimeUpdatesMode":"REALTIME_UPDATES_MODE_ENABLED","etag":"ILHq2oyRjpYDMIKQ/ZTnwpQD"}]}
[info] 
[info] Firestore Security Rules allow you to define how and when to allow
[info] requests. You can keep these rules in your project directory
[info] and publish them with firebase deploy.
[info] 
[debug] [2026-08-07T08:48:30.984Z] Checked if tokens are valid: true, expires at: 1786095686400
[debug] [2026-08-07T08:48:30.984Z] Checked if tokens are valid: true, expires at: 1786095686400
[debug] [2026-08-07T08:48:30.984Z] >>> [apiv2][query] GET https://firebaserules.googleapis.com/v1/projects/pettaxi-5d5df/releases pageSize=10&pageToken=
[debug] [2026-08-07T08:48:31.272Z] <<< [apiv2][status] GET https://firebaserules.googleapis.com/v1/projects/pettaxi-5d5df/releases 200
[debug] [2026-08-07T08:48:31.272Z] <<< [apiv2][body] GET https://firebaserules.googleapis.com/v1/projects/pettaxi-5d5df/releases {"releases":[{"name":"projects/pettaxi-5d5df/releases/cloud.firestore","rulesetName":"projects/pettaxi-5d5df/rulesets/191b5672-1abe-43b7-b07e-0002a80e35a9","createTime":"2026-05-18T12:09:58.535924Z","updateTime":"2026-05-18T12:09:58.535924Z"}]}
[debug] [2026-08-07T08:48:31.272Z] Checked if tokens are valid: true, expires at: 1786095686400
[debug] [2026-08-07T08:48:31.272Z] Checked if tokens are valid: true, expires at: 1786095686400
[debug] [2026-08-07T08:48:31.272Z] >>> [apiv2][query] GET https://firebaserules.googleapis.com/v1/projects/pettaxi-5d5df/rulesets/191b5672-1abe-43b7-b07e-0002a80e35a9 [none]
[debug] [2026-08-07T08:48:32.354Z] <<< [apiv2][status] GET https://firebaserules.googleapis.com/v1/projects/pettaxi-5d5df/rulesets/191b5672-1abe-43b7-b07e-0002a80e35a9 200
[debug] [2026-08-07T08:48:32.354Z] <<< [apiv2][body] GET https://firebaserules.googleapis.com/v1/projects/pettaxi-5d5df/rulesets/191b5672-1abe-43b7-b07e-0002a80e35a9 [omitted]
[info] i  Downloaded the existing Firestore Security Rules from the Firebase console 
[info] 
[info] Firestore indexes allow you to perform complex queries while
[info] maintaining performance that scales with the size of the result
[info] set. You can keep index definitions in your project directory
[info] and publish them with firebase deploy.
[info] 
[debug] [2026-08-07T08:48:33.818Z] Checked if tokens are valid: true, expires at: 1786095686400
[debug] [2026-08-07T08:48:33.818Z] Checked if tokens are valid: true, expires at: 1786095686400
[debug] [2026-08-07T08:48:33.819Z] Checked if tokens are valid: true, expires at: 1786095686400
[debug] [2026-08-07T08:48:33.819Z] Checked if tokens are valid: true, expires at: 1786095686400
[debug] [2026-08-07T08:48:33.819Z] >>> [apiv2][query] GET https://firestore.googleapis.com/v1/projects/pettaxi-5d5df/databases/(default)/collectionGroups/-/indexes [none]
[debug] [2026-08-07T08:48:33.820Z] >>> [apiv2][query] GET https://firestore.googleapis.com/v1/projects/pettaxi-5d5df/databases/(default)/collectionGroups/-/fields?filter=indexConfig.usesAncestorConfig=false OR ttlConfig:* [none]
[debug] [2026-08-07T08:48:35.016Z] <<< [apiv2][status] GET https://firestore.googleapis.com/v1/projects/pettaxi-5d5df/databases/(default)/collectionGroups/-/indexes 200
[debug] [2026-08-07T08:48:35.016Z] <<< [apiv2][body] GET https://firestore.googleapis.com/v1/projects/pettaxi-5d5df/databases/(default)/collectionGroups/-/indexes {}
[debug] [2026-08-07T08:48:35.023Z] <<< [apiv2][status] GET https://firestore.googleapis.com/v1/projects/pettaxi-5d5df/databases/(default)/collectionGroups/-/fields?filter=indexConfig.usesAncestorConfig=false OR ttlConfig:* 200
[debug] [2026-08-07T08:48:35.023Z] <<< [apiv2][body] GET https://firestore.googleapis.com/v1/projects/pettaxi-5d5df/databases/(default)/collectionGroups/-/fields?filter=indexConfig.usesAncestorConfig=false OR ttlConfig:* {"fields":[{"name":"projects/pettaxi-5d5df/databases/(default)/collectionGroups/__default__/fields/*","indexConfig":{"indexes":[{"queryScope":"COLLECTION","fields":[{"fieldPath":"*","order":"ASCENDING"}],"state":"READY"},{"queryScope":"COLLECTION","fields":[{"fieldPath":"*","order":"DESCENDING"}],"state":"READY"},{"queryScope":"COLLECTION","fields":[{"fieldPath":"*","arrayConfig":"CONTAINS"}],"state":"READY"}]}}]}
[info] i  Downloaded the existing Firestore indexes from the Firebase console 
[info] +  Wrote firestore.rules 
[info] +  Wrote firestore.indexes.json 
[info] 
=== Genkit Setup
[debug] [2026-08-07T08:48:43.586Z] > command requires scopes: ["email","openid","https://www.googleapis.com/auth/cloudplatformprojects.readonly","https://www.googleapis.com/auth/firebase","https://www.googleapis.com/auth/cloud-platform"]
[debug] [2026-08-07T08:48:43.586Z] > authorizing via signed-in user (latchcrisford213@gmail.com)
[debug] [2026-08-07T08:48:43.586Z] [iam] checking project pettaxi-5d5df for permissions ["firebase.projects.get"]
[debug] [2026-08-07T08:48:43.587Z] Checked if tokens are valid: true, expires at: 1786095686400
[debug] [2026-08-07T08:48:43.587Z] Checked if tokens are valid: true, expires at: 1786095686400
[debug] [2026-08-07T08:48:43.587Z] >>> [apiv2][query] POST https://cloudresourcemanager.googleapis.com/v1/projects/pettaxi-5d5df:testIamPermissions [none]
[debug] [2026-08-07T08:48:43.587Z] >>> [apiv2][(partial)header] POST https://cloudresourcemanager.googleapis.com/v1/projects/pettaxi-5d5df:testIamPermissions  x-goog-user-project=pettaxi-5d5df
[debug] [2026-08-07T08:48:43.587Z] >>> [apiv2][body] POST https://cloudresourcemanager.googleapis.com/v1/projects/pettaxi-5d5df:testIamPermissions {"permissions":["firebase.projects.get"]}
[debug] [2026-08-07T08:48:44.800Z] <<< [apiv2][status] POST https://cloudresourcemanager.googleapis.com/v1/projects/pettaxi-5d5df:testIamPermissions 200
[debug] [2026-08-07T08:48:44.801Z] <<< [apiv2][body] POST https://cloudresourcemanager.googleapis.com/v1/projects/pettaxi-5d5df:testIamPermissions {"permissions":["firebase.projects.get"]}
[debug] [2026-08-07T08:48:44.801Z] Checked if tokens are valid: true, expires at: 1786095686400
[debug] [2026-08-07T08:48:44.801Z] Checked if tokens are valid: true, expires at: 1786095686400
[debug] [2026-08-07T08:48:44.801Z] Checked if tokens are valid: true, expires at: 1786095686400
[debug] [2026-08-07T08:48:44.801Z] Checked if tokens are valid: true, expires at: 1786095686400
[debug] [2026-08-07T08:48:44.801Z] >>> [apiv2][query] GET https://serviceusage.googleapis.com/v1/projects/pettaxi-5d5df/services/cloudfunctions.googleapis.com [none]
[debug] [2026-08-07T08:48:44.802Z] >>> [apiv2][(partial)header] GET https://serviceusage.googleapis.com/v1/projects/pettaxi-5d5df/services/cloudfunctions.googleapis.com  x-goog-user-project=pettaxi-5d5df
[debug] [2026-08-07T08:48:44.802Z] >>> [apiv2][query] GET https://serviceusage.googleapis.com/v1/projects/pettaxi-5d5df/services/runtimeconfig.googleapis.com [none]
[debug] [2026-08-07T08:48:44.802Z] >>> [apiv2][(partial)header] GET https://serviceusage.googleapis.com/v1/projects/pettaxi-5d5df/services/runtimeconfig.googleapis.com  x-goog-user-project=pettaxi-5d5df
[debug] [2026-08-07T08:48:45.941Z] <<< [apiv2][status] GET https://serviceusage.googleapis.com/v1/projects/pettaxi-5d5df/services/runtimeconfig.googleapis.com 200
[debug] [2026-08-07T08:48:45.941Z] <<< [apiv2][body] GET https://serviceusage.googleapis.com/v1/projects/pettaxi-5d5df/services/runtimeconfig.googleapis.com [omitted]
[debug] [2026-08-07T08:48:45.988Z] <<< [apiv2][status] GET https://serviceusage.googleapis.com/v1/projects/pettaxi-5d5df/services/cloudfunctions.googleapis.com 200
[debug] [2026-08-07T08:48:45.988Z] <<< [apiv2][body] GET https://serviceusage.googleapis.com/v1/projects/pettaxi-5d5df/services/cloudfunctions.googleapis.com [omitted]
[debug] [2026-08-07T08:48:45.989Z] Checked if tokens are valid: true, expires at: 1786095686400
[debug] [2026-08-07T08:48:45.989Z] Checked if tokens are valid: true, expires at: 1786095686400
[debug] [2026-08-07T08:48:45.989Z] >>> [apiv2][query] POST https://serviceusage.googleapis.com/v1/projects/pettaxi-5d5df/services/cloudfunctions.googleapis.com:enable [none]
[debug] [2026-08-07T08:48:45.989Z] >>> [apiv2][(partial)header] POST https://serviceusage.googleapis.com/v1/projects/pettaxi-5d5df/services/cloudfunctions.googleapis.com:enable  x-goog-user-project=pettaxi-5d5df
[debug] [2026-08-07T08:48:47.283Z] <<< [apiv2][status] POST https://serviceusage.googleapis.com/v1/projects/pettaxi-5d5df/services/cloudfunctions.googleapis.com:enable 200
[debug] [2026-08-07T08:48:47.283Z] <<< [apiv2][body] POST https://serviceusage.googleapis.com/v1/projects/pettaxi-5d5df/services/cloudfunctions.googleapis.com:enable [omitted]
[info] Let's create a new codebase for your functions.
[info] A directory corresponding to the codebase will be created in your project
[info] with sample code pre-configured.

[info] See https://firebase.google.com/docs/functions/organize-functions for
[info] more information on organizing your functions using codebases.

[info] Functions can be deployed with firebase deploy.

[info] +  Wrote functions/.eslintrc.js 
[info] +  Wrote functions/tsconfig.dev.json 
[info] +  Wrote functions/package.json 
[info] +  Wrote functions/tsconfig.json 
[info] +  Wrote functions/src/index.ts 
[info] +  Wrote functions/.gitignore 
[info] 
[info] i  genkit: Installing Genkit CLI version 1.40.1
 
[info] i  genkit: Installing NPM packages for genkit 
[info] +  genkit: Successfully installed NPM packages 
[info] i  genkit: Updating tsconfig.json 
[info] +  genkit: Successfully updated tsconfig.json 
[info] i  genkit: Updating package.json 
[warn] !  genkit: Skipped updating package.json 
[info] 
[info] 
Login to Google Cloud using:
[info]     gcloud auth application-default login --project pettaxi-5d5df

[info] Then start the Genkit developer experience by running:
[info]     cd functions && npm run genkit:start
[info] 
=== Functions Setup
[debug] [2026-08-07T08:52:13.236Z] > command requires scopes: ["email","openid","https://www.googleapis.com/auth/cloudplatformprojects.readonly","https://www.googleapis.com/auth/firebase","https://www.googleapis.com/auth/cloud-platform"]
[debug] [2026-08-07T08:52:13.236Z] > authorizing via signed-in user (latchcrisford213@gmail.com)
[debug] [2026-08-07T08:52:13.237Z] [iam] checking project pettaxi-5d5df for permissions ["firebase.projects.get"]
[debug] [2026-08-07T08:52:13.237Z] Checked if tokens are valid: true, expires at: 1786095686400
[debug] [2026-08-07T08:52:13.237Z] Checked if tokens are valid: true, expires at: 1786095686400
[debug] [2026-08-07T08:52:13.237Z] >>> [apiv2][query] POST https://cloudresourcemanager.googleapis.com/v1/projects/pettaxi-5d5df:testIamPermissions [none]
[debug] [2026-08-07T08:52:13.237Z] >>> [apiv2][(partial)header] POST https://cloudresourcemanager.googleapis.com/v1/projects/pettaxi-5d5df:testIamPermissions  x-goog-user-project=pettaxi-5d5df
[debug] [2026-08-07T08:52:13.237Z] >>> [apiv2][body] POST https://cloudresourcemanager.googleapis.com/v1/projects/pettaxi-5d5df:testIamPermissions {"permissions":["firebase.projects.get"]}
[debug] [2026-08-07T08:52:14.382Z] <<< [apiv2][status] POST https://cloudresourcemanager.googleapis.com/v1/projects/pettaxi-5d5df:testIamPermissions 403
[debug] [2026-08-07T08:52:14.382Z] <<< [apiv2][body] POST https://cloudresourcemanager.googleapis.com/v1/projects/pettaxi-5d5df:testIamPermissions {"error":{"code":403,"message":"Project pettaxi-5d5df has been deleted.","status":"PERMISSION_DENIED","details":[{"@type":"type.googleapis.com/google.rpc.ErrorInfo","reason":"USER_PROJECT_DENIED","domain":"googleapis.com","metadata":{"consumer":"projects/pettaxi-5d5df","containerInfo":"pettaxi-5d5df","service":"cloudresourcemanager.googleapis.com"}},{"@type":"type.googleapis.com/google.rpc.LocalizedMessage","locale":"en-US","message":"Project pettaxi-5d5df has been deleted."}]}}
[debug] [2026-08-07T08:52:14.382Z] [iam] error while checking permissions, command may fail: Request to https://cloudresourcemanager.googleapis.com/v1/projects/pettaxi-5d5df:testIamPermissions had HTTP Error: 403, Project pettaxi-5d5df has been deleted.
[info] 
Detected existing codebase(s): default

[info] Let's create a new codebase for your functions.
[info] A directory corresponding to the codebase will be created in your project
[info] with sample code pre-configured.

[info] See https://firebase.google.com/docs/functions/organize-functions for
[info] more information on organizing your functions using codebases.

[info] Functions can be deployed with firebase deploy.

[debug] [2026-08-07T09:35:03.912Z] ----------------------------------------------------------------------
[debug] [2026-08-07T09:35:03.914Z] Command:       C:\Program Files\nodejs\node.exe C:\Users\latch\AppData\Roaming\npm\node_modules\firebase-tools\lib\bin\firebase.js projects:list
[debug] [2026-08-07T09:35:03.914Z] CLI Version:   15.26.0
[debug] [2026-08-07T09:35:03.914Z] Platform:      win32
[debug] [2026-08-07T09:35:03.915Z] Node Version:  v24.14.0
[debug] [2026-08-07T09:35:03.915Z] Detected Agent: codex_cli
[debug] [2026-08-07T09:35:03.915Z] Time:          Fri Aug 07 2026 17:35:03 GMT+0800 (Philippine Standard Time)
[debug] [2026-08-07T09:35:03.915Z] ----------------------------------------------------------------------
[debug] 
[debug] [2026-08-07T09:35:03.922Z] > command requires scopes: ["email","openid","https://www.googleapis.com/auth/cloudplatformprojects.readonly","https://www.googleapis.com/auth/firebase","https://www.googleapis.com/auth/cloud-platform"]
[debug] [2026-08-07T09:35:03.923Z] > authorizing via signed-in user (latchcrisford213@gmail.com)
[debug] [2026-08-07T09:35:03.934Z] Checked if tokens are valid: false, expires at: 1786095686400
[debug] [2026-08-07T09:35:03.934Z] Checked if tokens are valid: false, expires at: 1786095686400
[debug] [2026-08-07T09:35:03.935Z] > refreshing access token with scopes: []
[debug] [2026-08-07T09:35:03.938Z] >>> [apiv2][query] POST https://www.googleapis.com/oauth2/v3/token [none]
[debug] [2026-08-07T09:35:03.938Z] >>> [apiv2][body] POST https://www.googleapis.com/oauth2/v3/token [omitted]
[debug] [2026-08-07T09:35:04.375Z] <<< [apiv2][status] POST https://www.googleapis.com/oauth2/v3/token 200
[debug] [2026-08-07T09:35:04.376Z] <<< [apiv2][body] POST https://www.googleapis.com/oauth2/v3/token [omitted]
[debug] [2026-08-07T09:35:04.393Z] >>> [apiv2][query] GET https://firebase.googleapis.com/v1beta1/projects pageSize=1000
[debug] [2026-08-07T09:35:05.027Z] <<< [apiv2][status] GET https://firebase.googleapis.com/v1beta1/projects 200
[debug] [2026-08-07T09:35:05.027Z] <<< [apiv2][body] GET https://firebase.googleapis.com/v1beta1/projects [omitted]
[info] ┌──────────────────────┬──────────────────────┬────────────────┬──────────────────────┐
│ Project Display Name │ Project ID           │ Project Number │ Resource Location ID │
├──────────────────────┼──────────────────────┼────────────────┼──────────────────────┤
│ KuyaPahipak          │ kuyapahipak          │ 810943395459   │ [Not specified]      │
├──────────────────────┼──────────────────────┼────────────────┼──────────────────────┤
│ MitTransportationApp │ mittransportationapp │ 619983528361   │ [Not specified]      │
└──────────────────────┴──────────────────────┴────────────────┴──────────────────────┘
[info] 
[info] 2 project(s) total.
[debug] [2026-08-07T09:36:20.534Z] ----------------------------------------------------------------------
[debug] [2026-08-07T09:36:20.536Z] Command:       C:\Program Files\nodejs\node.exe C:\Users\latch\AppData\Roaming\npm\node_modules\firebase-tools\lib\bin\firebase.js deploy --only firestore:rules --project kuyapahipak
[debug] [2026-08-07T09:36:20.537Z] CLI Version:   15.26.0
[debug] [2026-08-07T09:36:20.537Z] Platform:      win32
[debug] [2026-08-07T09:36:20.537Z] Node Version:  v24.14.0
[debug] [2026-08-07T09:36:20.537Z] Detected Agent: codex_cli
[debug] [2026-08-07T09:36:20.537Z] Time:          Fri Aug 07 2026 17:36:20 GMT+0800 (Philippine Standard Time)
[debug] [2026-08-07T09:36:20.538Z] ----------------------------------------------------------------------
[debug] 
[debug] [2026-08-07T09:36:21.987Z] > command requires scopes: ["email","openid","https://www.googleapis.com/auth/cloudplatformprojects.readonly","https://www.googleapis.com/auth/firebase","https://www.googleapis.com/auth/cloud-platform"]
[debug] [2026-08-07T09:36:21.987Z] > authorizing via signed-in user (latchcrisford213@gmail.com)
[debug] [2026-08-07T09:36:21.987Z] [iam] checking project kuyapahipak for permissions ["datastore.indexes.create","datastore.indexes.delete","datastore.indexes.list","datastore.indexes.update","firebase.projects.get"]
[debug] [2026-08-07T09:36:21.998Z] Checked if tokens are valid: true, expires at: 1786098903376
[debug] [2026-08-07T09:36:21.999Z] Checked if tokens are valid: true, expires at: 1786098903376
[debug] [2026-08-07T09:36:22.001Z] >>> [apiv2][query] POST https://cloudresourcemanager.googleapis.com/v1/projects/kuyapahipak:testIamPermissions [none]
[debug] [2026-08-07T09:36:22.001Z] >>> [apiv2][(partial)header] POST https://cloudresourcemanager.googleapis.com/v1/projects/kuyapahipak:testIamPermissions  x-goog-user-project=kuyapahipak
[debug] [2026-08-07T09:36:22.001Z] >>> [apiv2][body] POST https://cloudresourcemanager.googleapis.com/v1/projects/kuyapahipak:testIamPermissions {"permissions":["datastore.indexes.create","datastore.indexes.delete","datastore.indexes.list","datastore.indexes.update","firebase.projects.get"]}
[debug] [2026-08-07T09:36:22.963Z] <<< [apiv2][status] POST https://cloudresourcemanager.googleapis.com/v1/projects/kuyapahipak:testIamPermissions 200
[debug] [2026-08-07T09:36:22.964Z] <<< [apiv2][body] POST https://cloudresourcemanager.googleapis.com/v1/projects/kuyapahipak:testIamPermissions {"permissions":["datastore.indexes.create","datastore.indexes.delete","datastore.indexes.list","datastore.indexes.update","firebase.projects.get"]}
[info] 
[info] === Deploying to 'kuyapahipak'...
[info] 
[info] i  deploying firestore 
[info] i  firestore: ensuring required API firestore.googleapis.com is enabled... 
[debug] [2026-08-07T09:36:22.967Z] Checked if tokens are valid: true, expires at: 1786098903376
[debug] [2026-08-07T09:36:22.967Z] Checked if tokens are valid: true, expires at: 1786098903376
[debug] [2026-08-07T09:36:22.967Z] >>> [apiv2][query] GET https://serviceusage.googleapis.com/v1/projects/kuyapahipak/services/firestore.googleapis.com [none]
[debug] [2026-08-07T09:36:22.968Z] >>> [apiv2][(partial)header] GET https://serviceusage.googleapis.com/v1/projects/kuyapahipak/services/firestore.googleapis.com  x-goog-user-project=kuyapahipak
[debug] [2026-08-07T09:36:24.168Z] <<< [apiv2][status] GET https://serviceusage.googleapis.com/v1/projects/kuyapahipak/services/firestore.googleapis.com 200
[debug] [2026-08-07T09:36:24.168Z] <<< [apiv2][body] GET https://serviceusage.googleapis.com/v1/projects/kuyapahipak/services/firestore.googleapis.com [omitted]
[info] +  firestore: required API firestore.googleapis.com is enabled 
[info] i  firestore: ensuring required API firestore.googleapis.com is enabled... 
[debug] [2026-08-07T09:36:24.213Z] Checked if tokens are valid: true, expires at: 1786098903376
[debug] [2026-08-07T09:36:24.213Z] Checked if tokens are valid: true, expires at: 1786098903376
[debug] [2026-08-07T09:36:24.213Z] >>> [apiv2][query] GET https://firestore.googleapis.com/v1/projects/kuyapahipak/databases/(default) [none]
[debug] [2026-08-07T09:36:24.561Z] <<< [apiv2][status] GET https://firestore.googleapis.com/v1/projects/kuyapahipak/databases/(default) 200
[debug] [2026-08-07T09:36:24.561Z] <<< [apiv2][body] GET https://firestore.googleapis.com/v1/projects/kuyapahipak/databases/(default) {"name":"projects/kuyapahipak/databases/(default)","uid":"4225323a-de3a-4137-8fdc-bf8490abf8ca","createTime":"2026-08-07T08:53:18.229784Z","updateTime":"2026-08-07T08:53:18.229784Z","locationId":"asia-east2","type":"FIRESTORE_NATIVE","concurrencyMode":"PESSIMISTIC","versionRetentionPeriod":"3600s","earliestVersionTime":"2026-08-07T08:53:18.229784Z","appEngineIntegrationMode":"DISABLED","keyPrefix":"n","pointInTimeRecoveryEnablement":"POINT_IN_TIME_RECOVERY_DISABLED","deleteProtectionState":"DELETE_PROTECTION_DISABLED","databaseEdition":"STANDARD","freeTier":true,"realtimeUpdatesMode":"REALTIME_UPDATES_MODE_ENABLED","etag":"IOyD/+ebjpYDMM2mhM2ZjpYD"}
[info] i  firestore: reading indexes from firestore.indexes.json... 
[info] i  cloud.firestore: checking firestore.rules for compilation errors... 
[debug] [2026-08-07T09:36:24.562Z] Checked if tokens are valid: true, expires at: 1786098903376
[debug] [2026-08-07T09:36:24.562Z] Checked if tokens are valid: true, expires at: 1786098903376
[debug] [2026-08-07T09:36:24.562Z] >>> [apiv2][query] POST https://firebaserules.googleapis.com/v1/projects/kuyapahipak:test [none]
[debug] [2026-08-07T09:36:24.562Z] >>> [apiv2][body] POST https://firebaserules.googleapis.com/v1/projects/kuyapahipak:test [omitted]
[debug] [2026-08-07T09:36:25.757Z] <<< [apiv2][status] POST https://firebaserules.googleapis.com/v1/projects/kuyapahipak:test 200
[debug] [2026-08-07T09:36:25.757Z] <<< [apiv2][body] POST https://firebaserules.googleapis.com/v1/projects/kuyapahipak:test {}
[info] +  cloud.firestore: rules file firestore.rules compiled successfully 
[debug] [2026-08-07T09:36:25.758Z] Checked if tokens are valid: true, expires at: 1786098903376
[debug] [2026-08-07T09:36:25.758Z] Checked if tokens are valid: true, expires at: 1786098903376
[debug] [2026-08-07T09:36:25.758Z] >>> [apiv2][query] GET https://firebaserules.googleapis.com/v1/projects/kuyapahipak/releases pageSize=10&pageToken=
[debug] [2026-08-07T09:36:26.859Z] <<< [apiv2][status] GET https://firebaserules.googleapis.com/v1/projects/kuyapahipak/releases 200
[debug] [2026-08-07T09:36:26.859Z] <<< [apiv2][body] GET https://firebaserules.googleapis.com/v1/projects/kuyapahipak/releases {"releases":[{"name":"projects/kuyapahipak/releases/cloud.firestore","rulesetName":"projects/kuyapahipak/rulesets/47fd52c9-c905-44a5-83af-a2671d81056c","createTime":"2026-08-07T08:53:20.984754Z","updateTime":"2026-08-07T08:53:20.984754Z"}]}
[debug] [2026-08-07T09:36:26.860Z] Checked if tokens are valid: true, expires at: 1786098903376
[debug] [2026-08-07T09:36:26.860Z] Checked if tokens are valid: true, expires at: 1786098903376
[debug] [2026-08-07T09:36:26.860Z] >>> [apiv2][query] GET https://firebaserules.googleapis.com/v1/projects/kuyapahipak/rulesets/47fd52c9-c905-44a5-83af-a2671d81056c [none]
[debug] [2026-08-07T09:36:27.938Z] <<< [apiv2][status] GET https://firebaserules.googleapis.com/v1/projects/kuyapahipak/rulesets/47fd52c9-c905-44a5-83af-a2671d81056c 200
[debug] [2026-08-07T09:36:27.938Z] <<< [apiv2][body] GET https://firebaserules.googleapis.com/v1/projects/kuyapahipak/rulesets/47fd52c9-c905-44a5-83af-a2671d81056c [omitted]
[info] i  firestore: uploading rules firestore.rules... 
[debug] [2026-08-07T09:36:27.940Z] Checked if tokens are valid: true, expires at: 1786098903376
[debug] [2026-08-07T09:36:27.940Z] Checked if tokens are valid: true, expires at: 1786098903376
[debug] [2026-08-07T09:36:27.940Z] >>> [apiv2][query] POST https://firebaserules.googleapis.com/v1/projects/kuyapahipak/rulesets [none]
[debug] [2026-08-07T09:36:27.940Z] >>> [apiv2][body] POST https://firebaserules.googleapis.com/v1/projects/kuyapahipak/rulesets [omitted]
[debug] [2026-08-07T09:36:29.070Z] <<< [apiv2][status] POST https://firebaserules.googleapis.com/v1/projects/kuyapahipak/rulesets 200
[debug] [2026-08-07T09:36:29.070Z] <<< [apiv2][body] POST https://firebaserules.googleapis.com/v1/projects/kuyapahipak/rulesets {"name":"projects/kuyapahipak/rulesets/26101888-bb6a-47f2-8e0a-1bb65d8236a1","source":{"files":[{"content":"rules_version = '2';\n\nservice cloud.firestore {\n  match /databases/{database}/documents {\n    match /{document=**} {\n      allow read, write: if request.auth != null;\n    }\n  }\n}\n","name":"firestore.rules"}]},"createTime":"2026-08-07T09:36:30.100431Z","metadata":{"services":["cloud.firestore"]}}
[debug] [2026-08-07T09:36:29.070Z] [rules] created ruleset projects/kuyapahipak/rulesets/26101888-bb6a-47f2-8e0a-1bb65d8236a1
[debug] [2026-08-07T09:36:29.070Z] [rules] releasing cloud.firestore with ruleset projects/kuyapahipak/rulesets/26101888-bb6a-47f2-8e0a-1bb65d8236a1
[debug] [2026-08-07T09:36:29.070Z] Checked if tokens are valid: true, expires at: 1786098903376
[debug] [2026-08-07T09:36:29.071Z] Checked if tokens are valid: true, expires at: 1786098903376
[debug] [2026-08-07T09:36:29.071Z] >>> [apiv2][query] PATCH https://firebaserules.googleapis.com/v1/projects/kuyapahipak/releases/cloud.firestore [none]
[debug] [2026-08-07T09:36:29.071Z] >>> [apiv2][body] PATCH https://firebaserules.googleapis.com/v1/projects/kuyapahipak/releases/cloud.firestore {"release":{"name":"projects/kuyapahipak/releases/cloud.firestore","rulesetName":"projects/kuyapahipak/rulesets/26101888-bb6a-47f2-8e0a-1bb65d8236a1"}}
[debug] [2026-08-07T09:36:30.279Z] <<< [apiv2][status] PATCH https://firebaserules.googleapis.com/v1/projects/kuyapahipak/releases/cloud.firestore 200
[debug] [2026-08-07T09:36:30.279Z] <<< [apiv2][body] PATCH https://firebaserules.googleapis.com/v1/projects/kuyapahipak/releases/cloud.firestore {"name":"projects/kuyapahipak/releases/cloud.firestore","rulesetName":"projects/kuyapahipak/rulesets/26101888-bb6a-47f2-8e0a-1bb65d8236a1","createTime":"2026-08-07T08:53:20.984754Z","updateTime":"2026-08-07T09:36:31.301960Z"}
[debug] [2026-08-07T09:36:30.280Z] [rules] updated release projects/kuyapahipak/releases/cloud.firestore
[info] +  firestore: released rules firestore.rules to cloud.firestore 
[info] 
[info] +  Deploy complete! 
[info] 
[info] Project Console: https://console.firebase.google.com/project/kuyapahipak/overview
